// Jest Snapshot v1, https://goo.gl/fbAQLP

exports[`Section component render component without error 1`] = `
<section
  className=""
>
  <p>
    Child element
  </p>
</section>
`;
